// Jest Snapshot v1, https://goo.gl/fbAQLP

exports[`components <MapView /> Component should render 1`] = `[Function]`;
